
> @code-craft/frontend@1.0.0 build
> next build

  ▲ Next.js 14.2.15
  - Experiments (use with caution):
    · typedRoutes

   Creating an optimized production build ...
 ✓ Compiled successfully
   Linting and checking validity of types ...
   Collecting page data ...
   Generating static pages (0/7) ...
   Generating static pages (1/7) 
   Generating static pages (3/7) 
   Generating static pages (5/7) 
 ✓ Generating static pages (7/7)
   Finalizing page optimization ...
   Collecting build traces ...

Route (app)                              Size     First Load JS
┌ ○ /                                    1.82 kB        95.8 kB
├ ○ /_not-found                          873 B            88 kB
├ ○ /dashboard                           1.75 kB        88.8 kB
├ ○ /login                               1.55 kB        95.5 kB
└ ○ /signup                              1.54 kB        95.5 kB
+ First Load JS shared by all            87.1 kB
  ├ chunks/1dd3208c-1496d28e3927468e.js  53.6 kB
  ├ chunks/528-25e3a3ccfaa554ae.js       31.6 kB
  └ other shared chunks (total)          1.89 kB


○  (Static)  prerendered as static content

